Highest vigilance for 1 = 0.0000 for object at X = 0, Y = 0
