     jh2   19 /   115 hops, 3 /   9 sweeps
     pk2    0 /    85 hops, 1 /   7 sweeps
