  RANDOM SOURCE
  SEED :     3785      17    4001    2393
  KAPPA :  ( 0.1000000000000000, 0.0000000000000000)
  NITER :            1
       1 0.25277363E-01

 BICGSTAB RESULTS:
 ---------------------
 ITER         :            1
 EPSILON      :   2.5277362576086766E-002
