 Enter exponent, runlength, iterations, diagnose flag (1=yes)>
iteration=         2  000000000000000E
iteration=         3  00000000000000C2
iteration=         4  0000000000009302
iteration=         5  00000000546B4C02
iteration=         6  1BD696D9F03D3002
iteration=         7  8CC88407A9F4C002
iteration=         8  55599F9D37D30002
iteration=         9  F460D65DDF4C0002
iteration=        10  E180D8077D300002
iteration=        11  9BDB491DF4C00002
iteration=        12  4CEBB477D3000002
iteration=        13  0B97D1DF4C000002
iteration=        14  ACEF477D30000002
iteration=        15  33895E8FE2208DE4
iteration=        16  0B3A054772777F8E
iteration=        17  B571D0825D91241E
iteration=        18  A47AF23128C8C9E4
iteration=        19  FFEEB216BC6AEF8C
iteration=        20  608F38322505746F
iteration=       398  76D3E0038299CE86
iteration=       796  DA6F92C26938C01C
iteration=      1194  5A60419918726229
iteration=      1592  9C6564889F3A8C71
iteration=      1990  B3FB76BF651A29EB
iteration=      2388  A0C3859C686BA6B5
iteration=      2786  090CCBA8358B6A1F
iteration=      3184  7AA1D0BACE092AF5
iteration=      3582  7D687E04615F4B5D
iteration=      3980  B0650A36F62B58F8
iteration=      4378  EE051ECB3B7786F5
iteration=      4776  B65C12379DC5DD9C
iteration=      5174  6A67CE465D414BEB
iteration=      5572  0530F8C936F84464
iteration=      5970  4E5F3B780C94DE2D
iteration=      6368  98EB49F9828370DB
iteration=      6766  541A1A6972E8A062
iteration=      7164  C1CF015CF7C282AD
iteration=      7562  4C19D9C7AA486913
iteration=      7960  5EA398BFD27A08CA
iteration=      8358  804F42C040A8FFA0
iteration=      8756  0E53DA5CB887DBB2
iteration=      9154  70A1EF31DE045586
iteration=      9552  18722F2B6F524619
iteration=      9950  F9B53B793208E946
iteration=     10348  BDEC57E795A11E49
iteration=     10746  CB79DFBC0E3B2C19
iteration=     11144  3C5AEE19BD161E69
iteration=     11542  176C2C112B70705E
iteration=     11940  1980CC9E824D14BB
iteration=     12338  FAA142F5E802E65A
iteration=     12736  3027842DCE0565AC
iteration=     13134  3D3DDF38EFEBF056
iteration=     13532  B4642150B99B8BAF
iteration=     13930  189D0D9377919133
iteration=     14328  70E6EA709E308412
iteration=     14726  41236EACCF02FD0B
iteration=     15124  5263E0BD418B4798
iteration=     15522  023B3223E3034862
iteration=     15920  0540D0218347412C
iteration=     16318  AD4277C9AE99E34C
iteration=     16716  05EF4504ADF74298
iteration=     17114  2B91AE9632F3DA14
iteration=     17512  BB52B871481B9D46
iteration=     17910  264BAE381C623909
iteration=     18308  685F1A3A23BFBCEF
iteration=     18706  A00350C56FD09FD0
iteration=     19104  9BAC1C48544FE7DE
iteration=     19502  C072DFA501D95AA0
iteration=     19900  7E82710FF071186E
M(   19937 ) is a known MERSENNE PRIME.
