

  GalGel behnchmark submitted to SPEC2000 search programm
________________________________________________________________________________


 This is Ra-Fa case of the GAMM benchmark on the oscillatory instability
 of convection in a laterally heated rectangular cavity.

 Solution by global spectral Galerkin method.
________________________________________________________________________________

 Parameters:

 Aspect ratio (length/height) =  4.0000000    
 Prandtl number               = 0.15000000E-01

 Number of basis functions in x-direction =  12
 Number of basis functions in z-direction =   6
________________________________________________________________________________



 Step 1: Calculate steady states sequentially for
         Grashof numbers = 1.E1, 1.E2, 1.E3 1.E4, and 1.E5,
         using zero initial guess



        Current Grashof number =   10.000000    


         Iterations of Newton method started
            Newton iteration #  0    Maximal derivative = 0.1421    
            Newton iteration #  1    Maximal derivative = 0.7399E-04
            Newton iteration #  2    Maximal derivative =  0.000    
         Newton method converged in  2 iterations


        Current Grashof number =   100.00000    


         Iterations of Newton method started
            Newton iteration #  0    Maximal derivative =  1.279    
            Newton iteration #  1    Maximal derivative = 0.5993E-02
            Newton iteration #  2    Maximal derivative =  0.000    
         Newton method converged in  2 iterations


        Current Grashof number =   1000.0000    


         Iterations of Newton method started
            Newton iteration #  0    Maximal derivative =  12.79    
            Newton iteration #  1    Maximal derivative = 0.5993    
            Newton iteration #  2    Maximal derivative = 0.9669E-03
            Newton iteration #  3    Maximal derivative =  0.000    
         Newton method converged in  3 iterations


        Current Grashof number =   10000.000    


         Iterations of Newton method started
            Newton iteration #  0    Maximal derivative =  127.9    
            Newton iteration #  1    Maximal derivative =  59.49    
            Newton iteration #  2    Maximal derivative =  4.132    
            Newton iteration #  3    Maximal derivative = 0.2449E-01
            Newton iteration #  4    Maximal derivative =  0.000    
            Newton iteration #  5    Maximal derivative =  0.000    
         Newton method converged in  5 iterations


        Current Grashof number =   100000.00    


         Iterations of Newton method started
            Newton iteration #  0    Maximal derivative =  1290.    
            Newton iteration #  1    Maximal derivative =  4178.    
            Newton iteration #  2    Maximal derivative =  3808.    
            Newton iteration #  3    Maximal derivative =  551.2    
            Newton iteration #  4    Maximal derivative =  987.0    
            Newton iteration #  5    Maximal derivative =  400.5    
            Newton iteration #  6    Maximal derivative =  193.6    
            Newton iteration #  7    Maximal derivative =  75.70    
            Newton iteration #  8    Maximal derivative =  5.818    
            Newton iteration #  9    Maximal derivative = 0.1368E-01
            Newton iteration # 10    Maximal derivative =  0.000    
         Newton method converged in 10 iterations

 Step 1 is successfully completed
________________________________________________________________________________



 Step 2: Perform linear stability analysis
         and calculate critical Grashof number and critical frequency.
         Steady state at Gr=1.E5 is used as initial guess


     Iterations of linear stability analysis started


.....................................................................................
     Iteration of linear stability analysis #  0


         Iterations of Newton method started
            Newton iteration #  0    Maximal derivative = 0.7812E-07
         Newton method converged in  0 iterations

          Grashof number=  1000000.0    
          Eigenvalue:       Re(Lambda)=  3.618         Im(Lambda)=  112.4    

.....................................................................................
     Iteration of linear stability analysis #  1


         Iterations of Newton method started
            Newton iteration #  0    Maximal derivative =  53.29    
            Newton iteration #  1    Maximal derivative = 0.9681    
            Newton iteration #  2    Maximal derivative = 0.1920E-03
            Newton iteration #  3    Maximal derivative =  0.000    
         Newton method converged in  3 iterations

          Grashof number=  1031622.8    
          Eigenvalue:       Re(Lambda)=  3.831         Im(Lambda)=  114.6    

.....................................................................................
     Iteration of linear stability analysis #  2


         Iterations of Newton method started
            Newton iteration #  0    Maximal derivative =  280.9    
            Newton iteration #  1    Maximal derivative =  27.62    
            Newton iteration #  2    Maximal derivative = 0.3561    
            Newton iteration #  3    Maximal derivative = 0.4093E-04
            Newton iteration #  4    Maximal derivative =  0.000    
         Newton method converged in  4 iterations

          Grashof number=  461468.86    
          Eigenvalue:       Re(Lambda)= -10.84         Im(Lambda)=  70.76    

.....................................................................................
     Iteration of linear stability analysis #  3


         Iterations of Newton method started
            Newton iteration #  0    Maximal derivative =  81.71    
            Newton iteration #  1    Maximal derivative =  1.159    
            Newton iteration #  2    Maximal derivative = 0.3019E-03
            Newton iteration #  3    Maximal derivative =  0.000    
         Newton method converged in  3 iterations

          Grashof number=  865264.10    
          Eigenvalue:       Re(Lambda)=  2.171         Im(Lambda)=  102.8    

.....................................................................................
     Iteration of linear stability analysis #  4


         Iterations of Newton method started
            Newton iteration #  0    Maximal derivative =  37.70    
            Newton iteration #  1    Maximal derivative = 0.2476    
            Newton iteration #  2    Maximal derivative = 0.1603E-04
            Newton iteration #  3    Maximal derivative =  0.000    
         Newton method converged in  3 iterations

          Grashof number=  797915.30    
          Eigenvalue:       Re(Lambda)=  1.022         Im(Lambda)=  97.96    

.....................................................................................
     Iteration of linear stability analysis #  5


         Iterations of Newton method started
            Newton iteration #  0    Maximal derivative =  9.874    
            Newton iteration #  1    Maximal derivative = 0.1952E-01
            Newton iteration #  2    Maximal derivative =  0.000    
         Newton method converged in  2 iterations

          Grashof number=  737985.73    
          Eigenvalue:       Re(Lambda)=-0.3091         Im(Lambda)=  93.60    

.....................................................................................
     Iteration of linear stability analysis #  6


         Iterations of Newton method started
            Newton iteration #  0    Maximal derivative = 0.9166    
            Newton iteration #  1    Maximal derivative = 0.1571E-03
            Newton iteration #  2    Maximal derivative =  0.000    
         Newton method converged in  2 iterations

          Grashof number=  751900.20    
          Eigenvalue:       Re(Lambda)= 0.2855E-01     Im(Lambda)=  94.62    

.....................................................................................
     Iteration of linear stability analysis #  7


         Iterations of Newton method started
            Newton iteration #  0    Maximal derivative = 0.2219E-01
            Newton iteration #  1    Maximal derivative =  0.000    
         Newton method converged in  1 iterations

          Grashof number=  750723.59    
          Eigenvalue:       Re(Lambda)= 0.6919E-03     Im(Lambda)=  94.53    

.....................................................................................
     Iteration of linear stability analysis #  8


         Iterations of Newton method started
            Newton iteration #  0    Maximal derivative = 0.5177E-04
            Newton iteration #  1    Maximal derivative =  0.000    
         Newton method converged in  1 iterations

          Grashof number=  750694.37    
          Eigenvalue:       Re(Lambda)=-0.1614E-05     Im(Lambda)=  94.53    

.....................................................................................
     Iteration of linear stability analysis #  9


         Iterations of Newton method started
            Newton iteration #  0    Maximal derivative = 0.2916E-08
         Newton method converged in  0 iterations

          Grashof number=  750694.44    
          Eigenvalue:       Re(Lambda)= 0.7583E-10     Im(Lambda)=  94.53    

 Step 2 is successfully completed
________________________________________________________________________________



 Step 3: Perform weakly nonlinear analysis of the Hopf bifurction
         using projection on the central manifold


      ........ Calculate left and right eigenvectors and coefficient C1 ..........

               C1 = (  -0.5159    ,  0.5628    )

               Error in left  eigenvector is   0.000    
               Error in right eigenvector is   0.000    


      ........ Calculate derivative of the dominant eigenvalue ..................



          Calculate dominant eigenvalue at Gr=  750794.44    

         Iterations of Newton method started
            Newton iteration #  0    Maximal derivative = 0.1624    
            Newton iteration #  1    Maximal derivative = 0.1565E-04
            Newton iteration #  2    Maximal derivative =  0.000    
         Newton method converged in  2 iterations


          Calculate dominant eigenvalue at Gr=  750594.44    

         Iterations of Newton method started
            Newton iteration #  0    Maximal derivative = 0.3247    
            Newton iteration #  1    Maximal derivative = 0.6260E-04
            Newton iteration #  2    Maximal derivative =  0.000    
         Newton method converged in  2 iterations


          Calculate dominant eigenvalue at Gr=  750894.44    

         Iterations of Newton method started
            Newton iteration #  0    Maximal derivative = 0.4871    
            Newton iteration #  1    Maximal derivative = 0.1408E-03
            Newton iteration #  2    Maximal derivative =  0.000    
         Newton method converged in  2 iterations


          Calculate dominant eigenvalue at Gr=  750494.44    

         Iterations of Newton method started
            Newton iteration #  0    Maximal derivative = 0.6494    
            Newton iteration #  1    Maximal derivative = 0.2504E-03
            Newton iteration #  2    Maximal derivative =  0.000    
         Newton method converged in  2 iterations


               D(Lambda)/D(Gr) = (   0.2373E-04,  0.7303E-04)


          Calculated estimations of errors:
               Error in calculation of Omega       =  0.000    
               Error in calculation of Amu2        =  0.000    
               Error in calculation of Tau2        =  0.000    
               Error in calculation of Beta        =  0.000    
               Error in calculation of Dalpha/DGr  =  0.000    
               Error in calculation of C1          =  0.000      0.000    

 Step 3 is successfully completed
________________________________________________________________________________


 Final result:

    Critical Grashof number =  0.7507E+06
    Critical Frequency      =   94.53    
    Parameter Mu            =  0.2174E+05
    Parameter Tau           = -0.2275E-01
    Floquet exponent        =  -1.032    


 In the case of scaling of the temperature by 
     temperature difference * height / length   :

    Critical Grashof number =  0.1877E+06
    Critical Frequency      =   23.63    
