1..3
#1	:abcdef: eq :abcdef:
ok 1
#2	:abcdefxyz: eq :abcdefxyz:
ok 2
#3	:abcdef: eq :abcdef:
ok 3
