1..15
ok 1
#2	:value: eq :value:
ok 2
ok 3
ok 4
#5	:value: eq :value:
ok 5
ok 6
ok 7
#8	:value: eq :value:
ok 8
ok 9
ok 10
ok 11
ok 12
ok 13
ok 14
ok 15
