Initial placement cost = 74.6951

Cost recomputed from scratch is 29.294008.
Final Placement cost: 29.2937
Cost recomputed from scratch is 29.413677.
