978: 8.01e-03 7.19e-03 8.41e-03
3394: -3.69e-21 1.57e-20 -5.20e-20
