1..7
#1	:10: eq :10:
#1	:0 1 2 3 4 5 6 7 8 9 10: eq :0 1 2 3 4 5 6 7 8 9 10:
ok 1
ok 2
ok 3
ok 4
ok 5
ok 6
ok 7
