Looking for 3023170969...got it!
Random numbers okay!
