1..19
ok 1
# x = 'AbelCaincatdogx'
ok 2
# x = 'xdogcatCainAbel'
ok 3
# x = 'AbelAxedCaincatchaseddoggonepunishedtoxyz'
ok 4
ok 5
ok 6
ok 7
ok 8
ok 9
ok 10
ok 11
# x = '1 2 3 4'
ok 12
# x = '1 2 3 4'
ok 13
# x = '1 2 3 4'
ok 14
# x = '1 2 3 4'
ok 15
ok 16
ok 17
ok 18
ok 19
